Platform: NVIDIA CUDA
Device: NVIDIA RTX 6000 Ada Generation
Creating and compiling kernels...
Compiling OpenCL kernels...
OpenCL kernels compiled successfully.
Platform: NVIDIA CUDA
Device: NVIDIA RTX 6000 Ada Generation
Creating and compiling kernels...
Compiling OpenCL kernels...
OpenCL kernels compiled successfully.
Platform: NVIDIA CUDA
Device: NVIDIA RTX 6000 Ada Generation
Creating and compiling kernels...
Compiling OpenCL kernels...
OpenCL kernels compiled successfully.
Platform: NVIDIA CUDA
Device: NVIDIA RTX 6000 Ada Generation
Creating and compiling kernels...
Compiling OpenCL kernels...
OpenCL kernels compiled successfully.
Platform: NVIDIA CUDA
Device: NVIDIA RTX 6000 Ada Generation
Creating and compiling kernels...
Compiling OpenCL kernels...
OpenCL kernels compiled successfully.
Platform: NVIDIA CUDA
Device: NVIDIA RTX 6000 Ada Generation
Creating and compiling kernels...
Compiling OpenCL kernels...
OpenCL kernels compiled successfully.
Platform: NVIDIA CUDA
Device: NVIDIA RTX 6000 Ada Generation
Creating and compiling kernels...
Compiling OpenCL kernels...
OpenCL kernels compiled successfully.
Platform: NVIDIA CUDA
Device: NVIDIA RTX 6000 Ada Generation
Creating and compiling kernels...
Compiling OpenCL kernels...
OpenCL kernels compiled successfully.
Platform: NVIDIA CUDA
Device: NVIDIA RTX 6000 Ada Generation
Creating and compiling kernels...
Compiling OpenCL kernels...
OpenCL kernels compiled successfully.
Platform: NVIDIA CUDA
Device: NVIDIA RTX 6000 Ada Generation
Creating and compiling kernels...
Compiling OpenCL kernels...
OpenCL kernels compiled successfully.
Platform: NVIDIA CUDA
Device: NVIDIA RTX 6000 Ada Generation
Creating and compiling kernels...
Compiling OpenCL kernels...
OpenCL kernels compiled successfully.
Platform: NVIDIA CUDA
Device: NVIDIA RTX 6000 Ada Generation
Creating and compiling kernels...
Compiling OpenCL kernels...
OpenCL kernels compiled successfully.
Platform: NVIDIA CUDA
Device: NVIDIA RTX 6000 Ada Generation
Creating and compiling kernels...
Compiling OpenCL kernels...
OpenCL kernels compiled successfully.
Platform: NVIDIA CUDA
Device: NVIDIA RTX 6000 Ada Generation
Creating and compiling kernels...
Compiling OpenCL kernels...
OpenCL kernels compiled successfully.
Platform: NVIDIA CUDA
Device: NVIDIA RTX 6000 Ada Generation
Creating and compiling kernels...
Compiling OpenCL kernels...
OpenCL kernels compiled successfully.
Platform: NVIDIA CUDA
Device: NVIDIA RTX 6000 Ada Generation
Creating and compiling kernels...
Compiling OpenCL kernels...
OpenCL kernels compiled successfully.
Platform: NVIDIA CUDA
Device: NVIDIA RTX 6000 Ada Generation
Creating and compiling kernels...
Compiling OpenCL kernels...
OpenCL kernels compiled successfully.
Platform: NVIDIA CUDA
Device: NVIDIA RTX 6000 Ada Generation
Creating and compiling kernels...
Compiling OpenCL kernels...
OpenCL kernels compiled successfully.
Platform: NVIDIA CUDA
Device: NVIDIA RTX 6000 Ada Generation
Creating and compiling kernels...
Compiling OpenCL kernels...
OpenCL kernels compiled successfully.
Platform: NVIDIA CUDA
Device: NVIDIA RTX 6000 Ada Generation
Creating and compiling kernels...
Compiling OpenCL kernels...
OpenCL kernels compiled successfully.
Platform: NVIDIA CUDA
Device: NVIDIA RTX 6000 Ada Generation
Creating and compiling kernels...
Compiling OpenCL kernels...
OpenCL kernels compiled successfully.
Platform: NVIDIA CUDA
Device: NVIDIA RTX 6000 Ada Generation
Creating and compiling kernels...
Compiling OpenCL kernels...
OpenCL kernels compiled successfully.
Platform: NVIDIA CUDA
Device: NVIDIA RTX 6000 Ada Generation
Creating and compiling kernels...
Compiling OpenCL kernels...
OpenCL kernels compiled successfully.
Platform: NVIDIA CUDA
Device: NVIDIA RTX 6000 Ada Generation
Creating and compiling kernels...
Compiling OpenCL kernels...
OpenCL kernels compiled successfully.
Platform: NVIDIA CUDA
Device: NVIDIA RTX 6000 Ada Generation
Creating and compiling kernels...
Compiling OpenCL kernels...
OpenCL kernels compiled successfully.
Platform: NVIDIA CUDA
Device: NVIDIA RTX 6000 Ada Generation
Creating and compiling kernels...
Compiling OpenCL kernels...
OpenCL kernels compiled successfully.
Platform: NVIDIA CUDA
Device: NVIDIA RTX 6000 Ada Generation
Creating and compiling kernels...
Compiling OpenCL kernels...
OpenCL kernels compiled successfully.
Platform: NVIDIA CUDA
Device: NVIDIA RTX 6000 Ada Generation
Creating and compiling kernels...
Compiling OpenCL kernels...
OpenCL kernels compiled successfully.
Platform: NVIDIA CUDA
Device: NVIDIA RTX 6000 Ada Generation
Creating and compiling kernels...
Compiling OpenCL kernels...
OpenCL kernels compiled successfully.
Platform: NVIDIA CUDA
Device: NVIDIA RTX 6000 Ada Generation
Creating and compiling kernels...
Compiling OpenCL kernels...
OpenCL kernels compiled successfully.
Platform: NVIDIA CUDA
Device: NVIDIA RTX 6000 Ada Generation
Creating and compiling kernels...
Compiling OpenCL kernels...
OpenCL kernels compiled successfully.
Platform: NVIDIA CUDA
Device: NVIDIA RTX 6000 Ada Generation
Creating and compiling kernels...
Compiling OpenCL kernels...
OpenCL kernels compiled successfully.
Platform: NVIDIA CUDA
Device: NVIDIA RTX 6000 Ada Generation
Creating and compiling kernels...
Compiling OpenCL kernels...
OpenCL kernels compiled successfully.
Platform: NVIDIA CUDA
Device: NVIDIA RTX 6000 Ada Generation
Creating and compiling kernels...
Compiling OpenCL kernels...
OpenCL kernels compiled successfully.
Platform: NVIDIA CUDA
Device: NVIDIA RTX 6000 Ada Generation
Creating and compiling kernels...
Compiling OpenCL kernels...
OpenCL kernels compiled successfully.
Platform: NVIDIA CUDA
Device: NVIDIA RTX 6000 Ada Generation
Creating and compiling kernels...
Compiling OpenCL kernels...
OpenCL kernels compiled successfully.
Platform: NVIDIA CUDA
Device: NVIDIA RTX 6000 Ada Generation
Creating and compiling kernels...
Compiling OpenCL kernels...
OpenCL kernels compiled successfully.
Platform: NVIDIA CUDA
Device: NVIDIA RTX 6000 Ada Generation
Creating and compiling kernels...
Compiling OpenCL kernels...
OpenCL kernels compiled successfully.
Platform: NVIDIA CUDA
Device: NVIDIA RTX 6000 Ada Generation
Creating and compiling kernels...
Compiling OpenCL kernels...
OpenCL kernels compiled successfully.
Platform: NVIDIA CUDA
Device: NVIDIA RTX 6000 Ada Generation
Creating and compiling kernels...
Compiling OpenCL kernels...
OpenCL kernels compiled successfully.
Platform: NVIDIA CUDA
Device: NVIDIA RTX 6000 Ada Generation
Creating and compiling kernels...
Compiling OpenCL kernels...
OpenCL kernels compiled successfully.
Platform: NVIDIA CUDA
Device: NVIDIA RTX 6000 Ada Generation
Creating and compiling kernels...
Compiling OpenCL kernels...
OpenCL kernels compiled successfully.
Platform: NVIDIA CUDA
Device: NVIDIA RTX 6000 Ada Generation
Creating and compiling kernels...
Compiling OpenCL kernels...
OpenCL kernels compiled successfully.
Platform: NVIDIA CUDA
Device: NVIDIA RTX 6000 Ada Generation
Creating and compiling kernels...
Compiling OpenCL kernels...
OpenCL kernels compiled successfully.
Platform: NVIDIA CUDA
Device: NVIDIA RTX 6000 Ada Generation
Creating and compiling kernels...
Compiling OpenCL kernels...
OpenCL kernels compiled successfully.
Platform: NVIDIA CUDA
Device: NVIDIA RTX 6000 Ada Generation
Creating and compiling kernels...
Compiling OpenCL kernels...
OpenCL kernels compiled successfully.
Platform: NVIDIA CUDA
Device: NVIDIA RTX 6000 Ada Generation
Creating and compiling kernels...
Compiling OpenCL kernels...
OpenCL kernels compiled successfully.
Platform: NVIDIA CUDA
Device: NVIDIA RTX 6000 Ada Generation
Creating and compiling kernels...
Compiling OpenCL kernels...
OpenCL kernels compiled successfully.
Platform: NVIDIA CUDA
Device: NVIDIA RTX 6000 Ada Generation
Creating and compiling kernels...
Compiling OpenCL kernels...
OpenCL kernels compiled successfully.
Platform: NVIDIA CUDA
Device: NVIDIA RTX 6000 Ada Generation
Creating and compiling kernels...
Compiling OpenCL kernels...
OpenCL kernels compiled successfully.
